// Jest Snapshot v1, https://goo.gl/fbAQLP

exports[`<Modal /> should render with checked false 1`] = `
.c0 {
  font-size: 2rem;
  color: #A422E3;
  cursor: pointer;
}

.c0:hover {
  opacity: 0.8;
}

@media (max-width:460px) {
  .c0 {
    font-size: 1.6rem;
  }
}

<div>
  <a
    class="c0"
  >
    text link
  </a>
</div>
`;
